Name: JOHN DOE, Id: 123, Exam Count: 2
Name: JANE DOE, Id: 124, Exam Count: 1
Name: MARY SUE, Id: 555, Exam Count: 1