Name: JOHN DOE, Id: 123, Exam Count: 2
Name: JOE SCMOE, Id: 321, Exam Count: 2
Name: JOHN STONE, Id: 789, Exam Count: 0