Name: JOHN DOE, Id: 123, Exam Count: 0
Name: JANE CROW, Id: 789, Exam Count: 2